WOOF-BLOCKING | Warning | (7,17--7,51) | Synchronous blocking call 'Async.RunSynchronously' should be avoided. This can cause deadlocks and thread pool starvation. Consider using `let!` in a `task` or `async` computation expression. 
WOOF-BLOCKING | Warning | (12,17--12,59) | Synchronous blocking call 'Async.RunSynchronously' should be avoided. This can cause deadlocks and thread pool starvation. Consider using `let!` in a `task` or `async` computation expression. 
WOOF-BLOCKING | Warning | (17,17--17,76) | Synchronous blocking call 'Async.RunSynchronously' should be avoided. This can cause deadlocks and thread pool starvation. Consider using `let!` in a `task` or `async` computation expression. 
