WOOF-TCS-ASYNC | Warning | (6,14--6,64) | TaskCompletionSource<T> created without TaskCreationOptions.RunContinuationsAsynchronously. This can cause continuations to run inline on the calling thread, leading to deadlocks, thread-pool starvation, and corruption of state. Always use: new TaskCompletionSource<T>(TaskCreationOptions.RunContinuationsAsynchronously).
WOOF-TCS-ASYNC | Warning | (11,14--11,78) | TaskCompletionSource<T> created without TaskCreationOptions.RunContinuationsAsynchronously. This can cause continuations to run inline on the calling thread, leading to deadlocks, thread-pool starvation, and corruption of state. Always use: new TaskCompletionSource<T>(TaskCreationOptions.RunContinuationsAsynchronously).
WOOF-TCS-ASYNC | Warning | (17,8--17,110) | TaskCompletionSource<T> created without TaskCreationOptions.RunContinuationsAsynchronously. This can cause continuations to run inline on the calling thread, leading to deadlocks, thread-pool starvation, and corruption of state. Always use: new TaskCompletionSource<T>(TaskCreationOptions.RunContinuationsAsynchronously).
